.....................                                                    [100%]
21 passed in 0.29s
