[{"stream_name":"stderr","time":8.518827375,"data":"0.00s - Debugger warning: It seems that frozen modules are being used, which may\n"}
,{"stream_name":"stderr","time":8.518913989,"data":"0.00s - make the debugger miss breakpoints. Please pass -Xfrozen_modules=off\n"}
,{"stream_name":"stderr","time":8.518919762,"data":"0.00s - to python to disable frozen modules.\n"}
,{"stream_name":"stderr","time":8.518922796,"data":"0.00s - Note: Debugging will proceed. Set PYDEVD_DISABLE_FILE_VALIDATION=1 to disable this validation.\n"}
,{"stream_name":"stderr","time":9.286349298,"data":"0.00s - Debugger warning: It seems that frozen modules are being used, which may\n"}
,{"stream_name":"stderr","time":9.286387142,"data":"0.00s - make the debugger miss breakpoints. Please pass -Xfrozen_modules=off\n"}
,{"stream_name":"stderr","time":9.286393472,"data":"0.00s - to python to disable frozen modules.\n"}
,{"stream_name":"stderr","time":9.286397868,"data":"0.00s - Note: Debugging will proceed. Set PYDEVD_DISABLE_FILE_VALIDATION=1 to disable this validation.\n"}
,{"stream_name":"stdout","time":11.739964378,"data":"Loading spatial datasets...\n"}
,{"stream_name":"stderr","time":12.273830573,"data":"Traceback (most recent call last):\n"}
,{"stream_name":"stderr","time":12.273865384,"data":"  File \"\u003cstring\u003e\", line 1, in \u003cmodule\u003e\n"}
,{"stream_name":"stderr","time":12.2738715,"data":"  File \"/usr/local/lib/python3.12/dist-packages/papermill/execute.py\", line 131, in execute_notebook\n"}
,{"stream_name":"stderr","time":12.273976827,"data":"    raise_for_execution_errors(nb, output_path)\n"}
,{"stream_name":"stderr","time":12.27398614,"data":"  File \"/usr/local/lib/python3.12/dist-packages/papermill/execute.py\", line 251, in raise_for_execution_errors\n"}
,{"stream_name":"stderr","time":12.274191412,"data":"    raise error\n"}
,{"stream_name":"stderr","time":12.274341118,"data":"papermill.exceptions.PapermillExecutionError: \n"}
,{"stream_name":"stderr","time":12.274357488,"data":"---------------------------------------------------------------------------\n"}
,{"stream_name":"stderr","time":12.274361755,"data":"Exception encountered at \"In [5]\":\n"}
,{"stream_name":"stderr","time":12.274365749,"data":"---------------------------------------------------------------------------\n"}
,{"stream_name":"stderr","time":12.274369331,"data":"FileNotFoundError                         Traceback (most recent call last)\n"}
,{"stream_name":"stderr","time":12.274372769,"data":"/tmp/ipykernel_16/378462183.py in \u003ccell line: 0\u003e()\n"}
,{"stream_name":"stderr","time":12.274377539,"data":"     56 # Load datasets\n"}
,{"stream_name":"stderr","time":12.274380921,"data":"     57 print('Loading spatial datasets...')\n"}
,{"stream_name":"stderr","time":12.274384488,"data":"---\u003e 58 with open(dea_path) as f:\n"}
,{"stream_name":"stderr","time":12.274388272,"data":"     59     dea_data = json.load(f)\n"}
,{"stream_name":"stderr","time":12.274391671,"data":"     60 with open(npws_path) as f:\n"}
,{"stream_name":"stderr","time":12.274395781,"data":"\n"}
,{"stream_name":"stderr","time":12.274398889,"data":"FileNotFoundError: [Errno 2] No such file or directory: 'dea_hotspots.geojson'\n"}
,{"stream_name":"stderr","time":12.274410764,"data":"\n"}
,{"stream_name":"stderr","time":14.978060971,"data":"/usr/local/lib/python3.12/dist-packages/mistune.py:435: SyntaxWarning: invalid escape sequence '\\|'\n"}
,{"stream_name":"stderr","time":14.978109635,"data":"  cells[i][c] = re.sub('\\\\\\\\\\|', '|', cell)\n"}
,{"stream_name":"stderr","time":15.159655924,"data":"/usr/local/lib/python3.12/dist-packages/nbconvert/filters/filter_links.py:36: SyntaxWarning: invalid escape sequence '\\_'\n"}
,{"stream_name":"stderr","time":15.159718226,"data":"  text = re.sub(r'_', '\\_', text) # Escape underscores in display text\n"}
,{"stream_name":"stderr","time":15.874833651,"data":"[NbConvertApp] Converting notebook __notebook__.ipynb to notebook\n"}
,{"stream_name":"stderr","time":16.265643363,"data":"[NbConvertApp] Writing 44954 bytes to __notebook__.ipynb\n"}
,{"stream_name":"stderr","time":19.175843276,"data":"[NbConvertApp] Converting notebook __notebook__.ipynb to html\n"}
,{"stream_name":"stderr","time":20.3051611,"data":"[NbConvertApp] Writing 418916 bytes to __results__.html\n"}
]