[{"stream_name":"stderr","time":8.090667554,"data":"Traceback (most recent call last):\n"}
,{"stream_name":"stderr","time":8.090772581,"data":"  File \"\u003cstring\u003e\", line 1, in \u003cmodule\u003e\n"}
,{"stream_name":"stderr","time":8.0907814,"data":"  File \"/usr/local/lib/python3.12/dist-packages/papermill/execute.py\", line 113, in execute_notebook\n"}
,{"stream_name":"stderr","time":8.090829778,"data":"    kernel_name = papermill_engines.nb_kernel_name(engine_name=engine_name, nb=nb, name=kernel_name)\n"}
,{"stream_name":"stderr","time":8.090922703,"data":"                  ^^^^^^^^^^^^^^^^^^^^^^^^^^^^^^^^^^^^^^^^^^^^^^^^^^^^^^^^^^^^^^^^^^^^^^^^^^^^^^^^^^\n"}
,{"stream_name":"stderr","time":8.090933041,"data":"  File \"/usr/local/lib/python3.12/dist-packages/papermill/engines.py\", line 53, in nb_kernel_name\n"}
,{"stream_name":"stderr","time":8.091072761,"data":"    return self.get_engine(engine_name).nb_kernel_name(nb, name)\n"}
,{"stream_name":"stderr","time":8.091091881,"data":"           ^^^^^^^^^^^^^^^^^^^^^^^^^^^^^^^^^^^^^^^^^^^^^^^^^^^^^\n"}
,{"stream_name":"stderr","time":8.091096783,"data":"  File \"/usr/local/lib/python3.12/dist-packages/papermill/engines.py\", line 386, in nb_kernel_name\n"}
,{"stream_name":"stderr","time":8.091310542,"data":"    return nb_kernel_name(nb, name)\n"}
,{"stream_name":"stderr","time":8.091319749,"data":"           ^^^^^^^^^^^^^^^^^^^^^^^^\n"}
,{"stream_name":"stderr","time":8.09132497,"data":"  File \"/usr/local/lib/python3.12/dist-packages/papermill/utils.py\", line 52, in nb_kernel_name\n"}
,{"stream_name":"stderr","time":8.091429495,"data":"    raise ValueError(\"No kernel name found in notebook and no override provided.\")\n"}
,{"stream_name":"stderr","time":8.091438833,"data":"ValueError: No kernel name found in notebook and no override provided.\n"}
,{"stream_name":"stderr","time":10.874015056,"data":"/usr/local/lib/python3.12/dist-packages/mistune.py:435: SyntaxWarning: invalid escape sequence '\\|'\n"}
,{"stream_name":"stderr","time":10.874055035,"data":"  cells[i][c] = re.sub('\\\\\\\\\\|', '|', cell)\n"}
,{"stream_name":"stderr","time":11.143428298,"data":"/usr/local/lib/python3.12/dist-packages/nbconvert/filters/filter_links.py:36: SyntaxWarning: invalid escape sequence '\\_'\n"}
,{"stream_name":"stderr","time":11.143463301,"data":"  text = re.sub(r'_', '\\_', text) # Escape underscores in display text\n"}
,{"stream_name":"stderr","time":11.935305672,"data":"[NbConvertApp] Converting notebook __notebook__.ipynb to notebook\n"}
,{"stream_name":"stderr","time":12.339034802,"data":"[NbConvertApp] Writing 39731 bytes to __notebook__.ipynb\n"}
,{"stream_name":"stderr","time":15.501619093,"data":"[NbConvertApp] Converting notebook __notebook__.ipynb to html\n"}
,{"stream_name":"stderr","time":17.407183474,"data":"[NbConvertApp] Writing 416935 bytes to __results__.html\n"}
]